[00:03:52] [ServerMain/INFO]: Environment: Environment[sessionHost=https://sessionserver.mojang.com, servicesHost=https://api.minecraftservices.com, profilesHost=https://api.mojang.com, name=PROD]
[00:03:54] [ServerMain/INFO]: Loaded 1461 recipes
[00:03:54] [ServerMain/INFO]: Loaded 1574 advancements
[00:03:54] [Server thread/INFO]: Starting minecraft server version 1.21.10
[00:03:54] [Server thread/INFO]: Loading properties
[00:03:54] [Server thread/INFO]: Default game type: SURVIVAL
[00:03:54] [Server thread/INFO]: Generating keypair
[00:03:55] [Server thread/INFO]: Starting Minecraft server on *:25565
[00:03:55] [Server thread/INFO]: Using epoll channel type
[00:03:55] [Server thread/WARN]: **** SERVER IS RUNNING IN OFFLINE/INSECURE MODE!
[00:03:55] [Server thread/WARN]: The server will make no attempt to authenticate usernames. Beware.
[00:03:55] [Server thread/WARN]: While this makes the game possible to play without internet access, it also opens up the ability for hackers to connect with any username they choose.
[00:03:55] [Server thread/WARN]: To change this, set "online-mode" to "true" in the server.properties file.
[00:03:55] [Server thread/INFO]: Preparing level "world"
[00:03:55] [Server thread/INFO]: Loading 0 persistent chunks...
[00:03:55] [Server thread/INFO]: Preparing spawn area: 100%
[00:03:55] [Server thread/INFO]: Time elapsed: 17 ms
[00:03:55] [Server thread/INFO]: Done (0.437s)! For help, type "help"
[00:04:55] [Server thread/INFO]: Server empty for 60 seconds, pausing
[00:05:41] [Server thread/INFO]: Zy0r[/10.242.149.228:54474] logged in with entity id 131 at (-1458.3110921951034, 54.0, -1441.154271465851)
[00:05:41] [Server thread/INFO]: Zy0r joined the game
[00:06:07] [Server thread/INFO]: Zy0r lost connection: Disconnected
[00:06:07] [Server thread/INFO]: Zy0r left the game
[00:06:25] [Server thread/INFO]: Stopping the server
[00:06:25] [Server thread/INFO]: Stopping server
[00:06:25] [Server thread/INFO]: Saving players
[00:06:25] [Server thread/INFO]: Saving worlds
[00:06:25] [Server thread/INFO]: Saving chunks for level 'ServerLevel[world]'/minecraft:overworld
[00:06:25] [Server thread/INFO]: Saving chunks for level 'ServerLevel[world]'/minecraft:the_end
[00:06:25] [Server thread/INFO]: Saving chunks for level 'ServerLevel[world]'/minecraft:the_nether
[00:06:25] [Server thread/INFO]: ThreadedAnvilChunkStorage (world): All chunks are saved
[00:06:25] [Server thread/INFO]: ThreadedAnvilChunkStorage (DIM1): All chunks are saved
[00:06:25] [Server thread/INFO]: ThreadedAnvilChunkStorage (DIM-1): All chunks are saved
[00:06:25] [Server thread/INFO]: ThreadedAnvilChunkStorage: All dimensions are saved
